libxml2测试用例
```
[19793.944068] testlimits invoked oom-killer: gfp_mask=0x280da, order=0, oom_score_adj=0
[19793.944071] testlimits cpuset=3f8258160ab8442ed0bfa6d33cb6490644d0c5cae7efbc303baab98d81a83b4e mems_allowed=0
[19793.944077] CPU: 0 PID: 5834 Comm: testlimits Not tainted 4.1.44mvm-h34+ #1
[19793.944079]  0000000000000000 ffff88000059bb18 ffffffff813d953c ffff88000059bb18
[19793.944081]  0000000000000292 ffff8800066f35d0 ffff8800066f35d0 ffff88000059bbb8
[19793.944083]  ffffffff813d6816 ffff88000059bb58 ffffffff81076e7c ffff880006436c40
[19793.944085] Call Trace:
[19793.944088]  [<ffffffff813d953c>] 0xffffffff813d953c
[19793.944089]  [<ffffffff813d6816>] 0xffffffff813d6816
[19793.944090]  [<ffffffff81076e7c>] ? 0xffffffff81076e7c
[19793.944091]  [<ffffffff810756de>] ? 0xffffffff810756de
[19793.944092]  [<ffffffff81076279>] ? 0xffffffff81076279
[19793.944094]  [<ffffffff8123ec1f>] ? 0xffffffff8123ec1f
[19793.944095]  [<ffffffff810bce62>] 0xffffffff810bce62
[19793.944096]  [<ffffffff810bcaef>] ? 0xffffffff810bcaef
[19793.944097]  [<ffffffff8105bed5>] ? 0xffffffff8105bed5
[19793.944098]  [<ffffffff810bd405>] 0xffffffff810bd405
[19793.944099]  [<ffffffff810c0835>] 0xffffffff810c0835
[19793.944100]  [<ffffffff810d9ddd>] 0xffffffff810d9ddd
[19793.944101]  [<ffffffff810756de>] ? 0xffffffff810756de
[19793.944103]  [<ffffffff8107ac81>] ? 0xffffffff8107ac81
[19793.944104]  [<ffffffff810299a2>] 0xffffffff810299a2
[19793.944105]  [<ffffffff81029b8d>] 0xffffffff81029b8d
[19793.944106]  [<ffffffff8102775d>] 0xffffffff8102775d
[19793.944107]  [<ffffffff813df7d5>] 0xffffffff813df7d5
[19793.944108] Mem-Info:
[19793.944112] active_anon:24910 inactive_anon:712 isolated_anon:0
 active_file:6 inactive_file:14 isolated_file:0
 unevictable:0 dirty:2 writeback:0 unstable:0
 slab_reclaimable:194 slab_unreclaimable:1742
 mapped:573 shmem:1567 pagetables:182 bounce:0
 free:438 free_pcp:23 free_cma:0
[19793.944120] DMA free:572kB min:184kB low:228kB high:276kB active_anon:11796kB inactive_anon:264kB active_file:16kB inactive_file:0kB unevictable:0kB isolated(anon):0kB isolated(file):0kB present:15992kB managed:15908kB mlocked:0kB dirty:4kB writeback:0kB mapped:288kB shmem:872kB slab_reclaimable:80kB slab_unreclaimable:1628kB kernel_stack:64kB pagetables:120kB unstable:0kB bounce:0kB free_pcp:0kB local_pcp:0kB free_cma:0kB writeback_tmp:0kB pages_scanned:336 all_unreclaimable? yes
[19793.944121] lowmem_reserve[]: 0 99 99 99
[19793.944128] DMA32 free:1180kB min:1180kB low:1472kB high:1768kB active_anon:87844kB inactive_anon:2584kB active_file:8kB inactive_file:56kB unevictable:0kB isolated(anon):0kB isolated(file):0kB present:114688kB managed:106712kB mlocked:0kB dirty:4kB writeback:0kB mapped:2004kB shmem:5396kB slab_reclaimable:696kB slab_unreclaimable:5340kB kernel_stack:560kB pagetables:608kB unstable:0kB bounce:0kB free_pcp:92kB local_pcp:92kB free_cma:0kB writeback_tmp:0kB pages_scanned:6200 all_unreclaimable? yes
[19793.944129] lowmem_reserve[]: 0 0 0 0
[19793.944131] DMA: 1*4kB (R) 1*8kB (R) 1*16kB (R) 1*32kB (R) 0*64kB 0*128kB 0*256kB 1*512kB (R) 0*1024kB 0*2048kB 0*4096kB = 572kB
[19793.944137] DMA32: 1*4kB (R) 1*8kB (R) 1*16kB (R) 0*32kB 0*64kB 1*128kB (R) 0*256kB 0*512kB 1*1024kB (R) 0*2048kB 0*4096kB = 1180kB
[19793.944144] Node 0 hugepages_total=0 hugepages_free=0 hugepages_surp=0 hugepages_size=2048kB
[19793.944145] 1589 total pagecache pages
[19793.944146] 32670 pages RAM
[19793.944147] 0 pages HighMem/MovableOnly
[19793.944148] 2015 pages reserved
[19793.944149] [ pid ]   uid  tgid total_vm      rss nr_ptes nr_pmds swapents oom_score_adj name
[19793.944152] [  391]     0   391     2479       43      11       3        0             0 init
[19793.944154] [  408]     0   408     1084       18       8       3        0             0 sleep
[19793.944156] [ 3682]     0  3682     2949      112      11       3        0             0 bash
[19793.944158] [ 5106]     0  5106    14767      370      32       3        0             0 ssh
[19793.944159] [ 5377]     0  5377     2972      112      10       3        0             0 bash
[19793.944161] [ 5615]     0  5615     2949      112      11       3        0             0 bash
[19793.944163] [ 5770]     0  5770    11183       74      27       3        0             0 vmstat
[19793.944164] [ 5834]     0  5834    28700    23158      60       3        0             0 testlimits
[19793.944166] Out of memory: Kill process 5834 (testlimits) score 734 or sacrifice child
[19793.945396] Killed process 5834 (testlimits) total-vm:114800kB, anon-rss:92628kB, file-rss:4kB
```
可以使用vmstat/top/pmap等实时监控系统内存的使用情况

```
[root@3f8258160ab8 libxml2]# pmap -x 6030
6030:   ./testlimits
Address           Kbytes     RSS   Dirty Mode  Mapping
0000000000400000      20      20       0 r-x-- testlimits
0000000000604000       4       4       4 r---- testlimits
0000000000605000       4       4       4 rw--- testlimits
0000000000606000      36      16      16 rw---   [ anon ]
00000000007be000   56332   55904   55904 rw---   [ anon ]
00007f87535e2000     144      60       0 r-x-- liblzma.so.5.0.99
00007f8753606000    2044       0       0 ----- liblzma.so.5.0.99
00007f8753805000       4       4       4 r---- liblzma.so.5.0.99
00007f8753806000       4       4       4 rw--- liblzma.so.5.0.99
00007f8753807000    1764    1292       0 r-x-- libc-2.17.so
00007f87539c0000    2048       0       0 ----- libc-2.17.so
00007f8753bc0000      16      16      16 r---- libc-2.17.so
00007f8753bc4000       8       8       8 rw--- libc-2.17.so
00007f8753bc6000      20      12      12 rw---   [ anon ]
00007f8753bcb000      92      84       0 r-x-- libpthread-2.17.so
00007f8753be2000    2044       0       0 ----- libpthread-2.17.so
00007f8753de1000       4       4       4 r---- libpthread-2.17.so
00007f8753de2000       4       4       4 rw--- libpthread-2.17.so
00007f8753de3000      16       4       4 rw---   [ anon ]
00007f8753de7000       8       8       0 r-x-- libdl-2.17.so
00007f8753de9000    2048       0       0 ----- libdl-2.17.so
00007f8753fe9000       4       4       4 r---- libdl-2.17.so
00007f8753fea000       4       4       4 rw--- libdl-2.17.so
00007f8753feb000    1028     204       0 r-x-- libm-2.17.so
00007f87540ec000    2044       0       0 ----- libm-2.17.so
00007f87542eb000       4       4       4 r---- libm-2.17.so
00007f87542ec000       4       4       4 rw--- libm-2.17.so
00007f87542ed000      84      60       0 r-x-- libz.so.1.2.7
00007f8754302000    2044       0       0 ----- libz.so.1.2.7
00007f8754501000       4       4       4 r---- libz.so.1.2.7
00007f8754502000       4       4       4 rw--- libz.so.1.2.7
00007f8754503000    1404    1012       0 r-x-- libxml2.so.2.9.1
00007f8754662000    2044       0       0 ----- libxml2.so.2.9.1
00007f8754861000      32      32      32 r---- libxml2.so.2.9.1
00007f8754869000       8       8       8 rw--- libxml2.so.2.9.1
00007f875486b000       8       8       8 rw---   [ anon ]
00007f875486d000     136     132       0 r-x-- ld-2.17.so
00007f8754a80000      24      24      24 rw---   [ anon ]
00007f8754a8c000       8       8       8 rw---   [ anon ]
00007f8754a8e000       4       4       4 r---- ld-2.17.so
00007f8754a8f000       4       4       4 rw--- ld-2.17.so
00007f8754a90000       4       4       4 rw---   [ anon ]
00007fff8be32000     132      16      16 rw---   [ stack ]
00007fff8bfd9000      12       0       0 r----   [ anon ]
00007fff8bfdc000       8       4       0 r-x--   [ anon ]
ffffffffff600000       4       0       0 r-x--   [ anon ]
---------------- ------- ------- -------
total kB           75720   58992   56116
```
